Sun Jun 15 19:45:01 UTC 2025 Backend down - restarting service
Sun Jun 15 19:50:01 UTC 2025 Backend down - restarting service
Sun Jun 15 19:55:01 UTC 2025 Backend down - restarting service
Sun Jun 15 20:00:01 UTC 2025 Backend down - restarting service
Sun Jun 15 20:30:01 UTC 2025 Backend down - restarting service
Sun Jun 15 20:35:02 UTC 2025 Backend down - restarting service
Sun Jun 15 20:40:01 UTC 2025 Backend down - restarting service
Sun Jun 15 20:45:01 UTC 2025 Backend down - restarting service
Sun Jun 15 20:50:01 UTC 2025 Backend down - restarting service
Sun Jun 15 20:55:01 UTC 2025 Backend down - restarting service
Sun Jun 15 21:00:01 UTC 2025 Backend down - restarting service
Sun Jun 15 21:05:01 UTC 2025 Backend down - restarting service
Sun Jun 15 21:10:01 UTC 2025 Backend down - restarting service
Sun Jun 15 21:15:01 UTC 2025 Backend down - restarting service
Sun Jun 15 21:20:01 UTC 2025 Backend down - restarting service
Sun Jun 15 21:25:01 UTC 2025 Backend down - restarting service
Sun Jun 15 21:30:01 UTC 2025 Backend down - restarting service
Sun Jun 15 21:35:01 UTC 2025 Backend down - restarting service
Sun Jun 15 21:40:01 UTC 2025 Backend down - restarting service
Sun Jun 15 21:45:02 UTC 2025 Backend down - restarting service
Sun Jun 15 21:50:01 UTC 2025 Backend down - restarting service
Sun Jun 15 21:55:01 UTC 2025 Backend down - restarting service
Sun Jun 15 22:00:01 UTC 2025 Backend down - restarting service
Sun Jun 15 22:05:01 UTC 2025 Backend down - restarting service
Sun Jun 15 22:10:01 UTC 2025 Backend down - restarting service
Sun Jun 15 22:15:01 UTC 2025 Backend down - restarting service
Sun Jun 15 22:20:01 UTC 2025 Backend down - restarting service
Sun Jun 15 22:25:01 UTC 2025 Backend down - restarting service
Sun Jun 15 22:30:01 UTC 2025 Backend down - restarting service
Sun Jun 15 22:35:01 UTC 2025 Backend down - restarting service
Sun Jun 15 22:40:01 UTC 2025 Backend down - restarting service
Sun Jun 15 22:45:01 UTC 2025 Backend down - restarting service
Sun Jun 15 22:50:02 UTC 2025 Backend down - restarting service
Sun Jun 15 22:55:01 UTC 2025 Backend down - restarting service
Sun Jun 15 23:00:01 UTC 2025 Backend down - restarting service
Sun Jun 15 23:05:01 UTC 2025 Backend down - restarting service
Sun Jun 15 23:10:01 UTC 2025 Backend down - restarting service
Sun Jun 15 23:15:01 UTC 2025 Backend down - restarting service
Sun Jun 15 23:20:01 UTC 2025 Backend down - restarting service
Sun Jun 15 23:25:01 UTC 2025 Backend down - restarting service
Sun Jun 15 23:30:01 UTC 2025 Backend down - restarting service
Sun Jun 15 23:35:01 UTC 2025 Backend down - restarting service
Sun Jun 15 23:40:01 UTC 2025 Backend down - restarting service
Sun Jun 15 23:45:01 UTC 2025 Backend down - restarting service
Sun Jun 15 23:50:01 UTC 2025 Backend down - restarting service
Sun Jun 15 23:55:02 UTC 2025 Backend down - restarting service
Mon Jun 16 00:00:01 UTC 2025 Backend down - restarting service
Mon Jun 16 00:05:01 UTC 2025 Backend down - restarting service
Mon Jun 16 00:10:01 UTC 2025 Backend down - restarting service
Mon Jun 16 00:15:01 UTC 2025 Backend down - restarting service
Mon Jun 16 00:20:01 UTC 2025 Backend down - restarting service
Mon Jun 16 00:25:01 UTC 2025 Backend down - restarting service
Mon Jun 16 00:30:01 UTC 2025 Backend down - restarting service
Mon Jun 16 00:35:01 UTC 2025 Backend down - restarting service
Mon Jun 16 00:40:01 UTC 2025 Backend down - restarting service
Mon Jun 16 00:45:01 UTC 2025 Backend down - restarting service
Mon Jun 16 00:50:01 UTC 2025 Backend down - restarting service
Mon Jun 16 00:55:01 UTC 2025 Backend down - restarting service
Mon Jun 16 01:00:02 UTC 2025 Backend down - restarting service
Mon Jun 16 01:05:01 UTC 2025 Backend down - restarting service
Mon Jun 16 01:10:01 UTC 2025 Backend down - restarting service
Mon Jun 16 01:15:01 UTC 2025 Backend down - restarting service
Mon Jun 16 01:20:01 UTC 2025 Backend down - restarting service
Mon Jun 16 01:25:01 UTC 2025 Backend down - restarting service
Mon Jun 16 01:30:01 UTC 2025 Backend down - restarting service
Mon Jun 16 01:35:01 UTC 2025 Backend down - restarting service
Mon Jun 16 01:40:01 UTC 2025 Backend down - restarting service
Mon Jun 16 01:45:01 UTC 2025 Backend down - restarting service
Mon Jun 16 01:50:01 UTC 2025 Backend down - restarting service
Mon Jun 16 01:55:01 UTC 2025 Backend down - restarting service
Mon Jun 16 02:00:01 UTC 2025 Backend down - restarting service
Mon Jun 16 02:05:02 UTC 2025 Backend down - restarting service
Mon Jun 16 02:10:01 UTC 2025 Backend down - restarting service
Mon Jun 16 02:15:01 UTC 2025 Backend down - restarting service
Mon Jun 16 02:20:01 UTC 2025 Backend down - restarting service
Mon Jun 16 02:25:01 UTC 2025 Backend down - restarting service
Mon Jun 16 02:30:01 UTC 2025 Backend down - restarting service
Mon Jun 16 02:35:01 UTC 2025 Backend down - restarting service
Mon Jun 16 02:40:01 UTC 2025 Backend down - restarting service
Mon Jun 16 02:45:01 UTC 2025 Backend down - restarting service
Mon Jun 16 02:50:01 UTC 2025 Backend down - restarting service
Mon Jun 16 02:55:01 UTC 2025 Backend down - restarting service
Mon Jun 16 03:00:01 UTC 2025 Backend down - restarting service
Mon Jun 16 03:05:01 UTC 2025 Backend down - restarting service
Mon Jun 16 03:10:02 UTC 2025 Backend down - restarting service
Mon Jun 16 03:15:01 UTC 2025 Backend down - restarting service
Mon Jun 16 03:20:01 UTC 2025 Backend down - restarting service
Mon Jun 16 03:25:01 UTC 2025 Backend down - restarting service
Mon Jun 16 03:30:01 UTC 2025 Backend down - restarting service
Mon Jun 16 03:35:01 UTC 2025 Backend down - restarting service
Mon Jun 16 03:40:01 UTC 2025 Backend down - restarting service
Mon Jun 16 03:45:01 UTC 2025 Backend down - restarting service
Mon Jun 16 03:50:01 UTC 2025 Backend down - restarting service
Mon Jun 16 03:55:01 UTC 2025 Backend down - restarting service
Mon Jun 16 04:00:01 UTC 2025 Backend down - restarting service
Mon Jun 16 04:05:01 UTC 2025 Backend down - restarting service
Mon Jun 16 04:10:01 UTC 2025 Backend down - restarting service
Mon Jun 16 04:15:02 UTC 2025 Backend down - restarting service
Mon Jun 16 04:20:01 UTC 2025 Backend down - restarting service
Mon Jun 16 04:25:01 UTC 2025 Backend down - restarting service
Mon Jun 16 04:30:01 UTC 2025 Backend down - restarting service
Mon Jun 16 04:35:01 UTC 2025 Backend down - restarting service
Mon Jun 16 04:40:01 UTC 2025 Backend down - restarting service
Mon Jun 16 04:45:01 UTC 2025 Backend down - restarting service
Mon Jun 16 04:50:01 UTC 2025 Backend down - restarting service
Mon Jun 16 04:55:01 UTC 2025 Backend down - restarting service
Mon Jun 16 05:00:01 UTC 2025 Backend down - restarting service
Mon Jun 16 05:05:01 UTC 2025 Backend down - restarting service
Mon Jun 16 05:10:01 UTC 2025 Backend down - restarting service
Mon Jun 16 05:15:01 UTC 2025 Backend down - restarting service
Mon Jun 16 05:20:01 UTC 2025 Backend down - restarting service
Mon Jun 16 05:25:02 UTC 2025 Backend down - restarting service
Mon Jun 16 05:30:01 UTC 2025 Backend down - restarting service
Mon Jun 16 05:35:01 UTC 2025 Backend down - restarting service
Mon Jun 16 05:40:01 UTC 2025 Backend down - restarting service
Mon Jun 16 05:45:01 UTC 2025 Backend down - restarting service
Mon Jun 16 05:50:01 UTC 2025 Backend down - restarting service
Mon Jun 16 05:55:01 UTC 2025 Backend down - restarting service
Mon Jun 16 06:00:01 UTC 2025 Backend down - restarting service
Mon Jun 16 06:05:01 UTC 2025 Backend down - restarting service
Mon Jun 16 06:10:01 UTC 2025 Backend down - restarting service
Mon Jun 16 06:15:01 UTC 2025 Backend down - restarting service
Mon Jun 16 06:20:01 UTC 2025 Backend down - restarting service
Mon Jun 16 06:25:02 UTC 2025 Backend down - restarting service
Mon Jun 16 06:30:01 UTC 2025 Backend down - restarting service
Mon Jun 16 06:35:01 UTC 2025 Backend down - restarting service
Mon Jun 16 06:40:01 UTC 2025 Backend down - restarting service
Mon Jun 16 06:45:01 UTC 2025 Backend down - restarting service
Mon Jun 16 06:50:01 UTC 2025 Backend down - restarting service
Mon Jun 16 06:55:01 UTC 2025 Backend down - restarting service
Mon Jun 16 07:00:01 UTC 2025 Backend down - restarting service
Mon Jun 16 07:05:01 UTC 2025 Backend down - restarting service
Mon Jun 16 07:10:01 UTC 2025 Backend down - restarting service
Mon Jun 16 07:15:01 UTC 2025 Backend down - restarting service
Mon Jun 16 07:20:01 UTC 2025 Backend down - restarting service
Mon Jun 16 07:25:02 UTC 2025 Backend down - restarting service
Mon Jun 16 07:30:01 UTC 2025 Backend down - restarting service
Mon Jun 16 07:35:01 UTC 2025 Backend down - restarting service
Mon Jun 16 07:40:01 UTC 2025 Backend down - restarting service
Mon Jun 16 07:45:01 UTC 2025 Backend down - restarting service
Mon Jun 16 07:50:01 UTC 2025 Backend down - restarting service
Mon Jun 16 07:55:01 UTC 2025 Backend down - restarting service
Mon Jun 16 08:00:01 UTC 2025 Backend down - restarting service
Mon Jun 16 08:05:01 UTC 2025 Backend down - restarting service
Mon Jun 16 08:10:01 UTC 2025 Backend down - restarting service
Mon Jun 16 08:15:01 UTC 2025 Backend down - restarting service
Mon Jun 16 08:20:01 UTC 2025 Backend down - restarting service
Mon Jun 16 08:25:01 UTC 2025 Backend down - restarting service
Mon Jun 16 08:30:02 UTC 2025 Backend down - restarting service
Mon Jun 16 08:35:01 UTC 2025 Backend down - restarting service
Mon Jun 16 08:40:01 UTC 2025 Backend down - restarting service
Mon Jun 16 08:45:01 UTC 2025 Backend down - restarting service
Mon Jun 16 08:50:01 UTC 2025 Backend down - restarting service
Mon Jun 16 08:55:01 UTC 2025 Backend down - restarting service
Mon Jun 16 09:00:01 UTC 2025 Backend down - restarting service
Mon Jun 16 09:05:01 UTC 2025 Backend down - restarting service
Mon Jun 16 09:10:01 UTC 2025 Backend down - restarting service
Mon Jun 16 09:15:01 UTC 2025 Backend down - restarting service
Mon Jun 16 09:20:01 UTC 2025 Backend down - restarting service
Mon Jun 16 09:25:01 UTC 2025 Backend down - restarting service
Mon Jun 16 09:30:01 UTC 2025 Backend down - restarting service
Mon Jun 16 09:35:02 UTC 2025 Backend down - restarting service
Mon Jun 16 09:40:01 UTC 2025 Backend down - restarting service
Mon Jun 16 09:45:01 UTC 2025 Backend down - restarting service
Mon Jun 16 09:50:01 UTC 2025 Backend down - restarting service
Mon Jun 16 09:55:01 UTC 2025 Backend down - restarting service
Mon Jun 16 10:00:01 UTC 2025 Backend down - restarting service
Mon Jun 16 10:05:01 UTC 2025 Backend down - restarting service
Mon Jun 16 10:10:01 UTC 2025 Backend down - restarting service
Mon Jun 16 10:15:01 UTC 2025 Backend down - restarting service
Mon Jun 16 10:20:01 UTC 2025 Backend down - restarting service
Mon Jun 16 10:25:01 UTC 2025 Backend down - restarting service
Mon Jun 16 10:30:01 UTC 2025 Backend down - restarting service
Mon Jun 16 10:35:02 UTC 2025 Backend down - restarting service
Mon Jun 16 10:40:01 UTC 2025 Backend down - restarting service
Mon Jun 16 10:45:01 UTC 2025 Backend down - restarting service
Mon Jun 16 10:50:01 UTC 2025 Backend down - restarting service
Mon Jun 16 10:55:01 UTC 2025 Backend down - restarting service
Mon Jun 16 11:00:01 UTC 2025 Backend down - restarting service
Mon Jun 16 11:05:01 UTC 2025 Backend down - restarting service
Mon Jun 16 11:10:01 UTC 2025 Backend down - restarting service
Mon Jun 16 11:15:01 UTC 2025 Backend down - restarting service
Mon Jun 16 11:20:01 UTC 2025 Backend down - restarting service
Mon Jun 16 11:25:01 UTC 2025 Backend down - restarting service
Mon Jun 16 11:30:01 UTC 2025 Backend down - restarting service
Mon Jun 16 11:35:01 UTC 2025 Backend down - restarting service
Mon Jun 16 11:40:01 UTC 2025 Backend down - restarting service
Mon Jun 16 11:45:02 UTC 2025 Backend down - restarting service
Mon Jun 16 11:50:01 UTC 2025 Backend down - restarting service
Mon Jun 16 11:55:01 UTC 2025 Backend down - restarting service
Mon Jun 16 12:00:01 UTC 2025 Backend down - restarting service
Mon Jun 16 12:05:01 UTC 2025 Backend down - restarting service
Mon Jun 16 12:10:01 UTC 2025 Backend down - restarting service
Mon Jun 16 12:15:01 UTC 2025 Backend down - restarting service
Mon Jun 16 12:20:01 UTC 2025 Backend down - restarting service
Mon Jun 16 12:25:01 UTC 2025 Backend down - restarting service
Mon Jun 16 12:30:01 UTC 2025 Backend down - restarting service
Mon Jun 16 12:35:01 UTC 2025 Backend down - restarting service
Mon Jun 16 12:40:01 UTC 2025 Backend down - restarting service
Mon Jun 16 12:45:01 UTC 2025 Backend down - restarting service
Mon Jun 16 12:50:02 UTC 2025 Backend down - restarting service
Mon Jun 16 12:55:01 UTC 2025 Backend down - restarting service
Mon Jun 16 13:00:01 UTC 2025 Backend down - restarting service
Mon Jun 16 13:05:01 UTC 2025 Backend down - restarting service
Mon Jun 16 13:10:01 UTC 2025 Backend down - restarting service
Mon Jun 16 13:15:01 UTC 2025 Backend down - restarting service
Mon Jun 16 13:20:01 UTC 2025 Backend down - restarting service
Mon Jun 16 13:25:01 UTC 2025 Backend down - restarting service
Mon Jun 16 13:30:01 UTC 2025 Backend down - restarting service
Mon Jun 16 13:35:01 UTC 2025 Backend down - restarting service
Mon Jun 16 13:40:01 UTC 2025 Backend down - restarting service
Mon Jun 16 13:45:01 UTC 2025 Backend down - restarting service
Mon Jun 16 13:50:01 UTC 2025 Backend down - restarting service
Mon Jun 16 13:55:02 UTC 2025 Backend down - restarting service
Mon Jun 16 14:00:01 UTC 2025 Backend down - restarting service
Mon Jun 16 14:05:01 UTC 2025 Backend down - restarting service
Mon Jun 16 14:10:01 UTC 2025 Backend down - restarting service
Mon Jun 16 14:15:01 UTC 2025 Backend down - restarting service
Mon Jun 16 14:20:01 UTC 2025 Backend down - restarting service
Mon Jun 16 14:25:01 UTC 2025 Backend down - restarting service
Mon Jun 16 14:30:01 UTC 2025 Backend down - restarting service
Mon Jun 16 14:35:01 UTC 2025 Backend down - restarting service
Mon Jun 16 14:40:01 UTC 2025 Backend down - restarting service
Mon Jun 16 14:45:01 UTC 2025 Backend down - restarting service
Mon Jun 16 14:50:01 UTC 2025 Backend down - restarting service
Mon Jun 16 14:55:01 UTC 2025 Backend down - restarting service
Mon Jun 16 15:00:02 UTC 2025 Backend down - restarting service
Mon Jun 16 15:05:01 UTC 2025 Backend down - restarting service
Mon Jun 16 15:10:01 UTC 2025 Backend down - restarting service
Mon Jun 16 15:15:01 UTC 2025 Backend down - restarting service
Mon Jun 16 15:20:01 UTC 2025 Backend down - restarting service
Mon Jun 16 15:25:01 UTC 2025 Backend down - restarting service
Mon Jun 16 15:30:01 UTC 2025 Backend down - restarting service
Mon Jun 16 15:35:01 UTC 2025 Backend down - restarting service
Mon Jun 16 15:40:01 UTC 2025 Backend down - restarting service
Mon Jun 16 15:45:01 UTC 2025 Backend down - restarting service
Mon Jun 16 15:50:01 UTC 2025 Backend down - restarting service
Mon Jun 16 15:55:01 UTC 2025 Backend down - restarting service
Mon Jun 16 16:00:01 UTC 2025 Backend down - restarting service
Mon Jun 16 16:05:02 UTC 2025 Backend down - restarting service
Mon Jun 16 16:10:01 UTC 2025 Backend down - restarting service
Mon Jun 16 16:15:01 UTC 2025 Backend down - restarting service
Mon Jun 16 16:20:01 UTC 2025 Backend down - restarting service
Mon Jun 16 16:25:01 UTC 2025 Backend down - restarting service
Mon Jun 16 16:30:01 UTC 2025 Backend down - restarting service
Mon Jun 16 16:35:01 UTC 2025 Backend down - restarting service
Mon Jun 16 16:40:01 UTC 2025 Backend down - restarting service
Mon Jun 16 16:45:01 UTC 2025 Backend down - restarting service
Mon Jun 16 16:50:01 UTC 2025 Backend down - restarting service
Mon Jun 16 16:55:01 UTC 2025 Backend down - restarting service
Mon Jun 16 17:00:01 UTC 2025 Backend down - restarting service
Mon Jun 16 17:05:01 UTC 2025 Backend down - restarting service
Mon Jun 16 17:10:02 UTC 2025 Backend down - restarting service
Mon Jun 16 17:15:01 UTC 2025 Backend down - restarting service
Mon Jun 16 17:20:01 UTC 2025 Backend down - restarting service
Mon Jun 16 17:25:01 UTC 2025 Backend down - restarting service
Mon Jun 16 17:30:01 UTC 2025 Backend down - restarting service
Mon Jun 16 17:35:01 UTC 2025 Backend down - restarting service
Mon Jun 16 17:40:01 UTC 2025 Backend down - restarting service
Mon Jun 16 17:45:01 UTC 2025 Backend down - restarting service
Mon Jun 16 17:50:01 UTC 2025 Backend down - restarting service
Mon Jun 16 17:55:01 UTC 2025 Backend down - restarting service
Mon Jun 16 18:00:01 UTC 2025 Backend down - restarting service
Mon Jun 16 18:05:01 UTC 2025 Backend down - restarting service
Mon Jun 16 18:10:01 UTC 2025 Backend down - restarting service
Mon Jun 16 18:15:01 UTC 2025 Backend down - restarting service
Mon Jun 16 18:20:01 UTC 2025 Backend down - restarting service
Mon Jun 16 18:25:01 UTC 2025 Backend down - restarting service
Mon Jun 16 18:30:01 UTC 2025 Backend down - restarting service
Mon Jun 16 18:35:01 UTC 2025 Backend down - restarting service
Mon Jun 16 18:40:01 UTC 2025 Backend down - restarting service
Mon Jun 16 18:45:01 UTC 2025 Backend down - restarting service
Mon Jun 16 18:50:01 UTC 2025 Backend down - restarting service
Mon Jun 16 18:55:01 UTC 2025 Backend down - restarting service
Mon Jun 16 19:00:01 UTC 2025 Backend down - restarting service
Mon Jun 16 19:05:01 UTC 2025 Backend down - restarting service
Mon Jun 16 19:10:01 UTC 2025 Backend down - restarting service
Mon Jun 16 19:15:01 UTC 2025 Backend down - restarting service
Mon Jun 16 19:20:01 UTC 2025 Backend down - restarting service
Mon Jun 16 19:25:02 UTC 2025 Backend down - restarting service
Mon Jun 16 19:30:01 UTC 2025 Backend down - restarting service
Mon Jun 16 19:35:01 UTC 2025 Backend down - restarting service
Mon Jun 16 19:40:01 UTC 2025 Backend down - restarting service
Mon Jun 16 19:45:01 UTC 2025 Backend down - restarting service
Mon Jun 16 19:50:01 UTC 2025 Backend down - restarting service
Mon Jun 16 19:55:01 UTC 2025 Backend down - restarting service
Mon Jun 16 20:00:01 UTC 2025 Backend down - restarting service
Mon Jun 16 20:05:01 UTC 2025 Backend down - restarting service
Mon Jun 16 20:10:01 UTC 2025 Backend down - restarting service
Mon Jun 16 20:15:01 UTC 2025 Backend down - restarting service
Mon Jun 16 20:20:01 UTC 2025 Backend down - restarting service
Mon Jun 16 20:25:01 UTC 2025 Backend down - restarting service
Mon Jun 16 20:30:02 UTC 2025 Backend down - restarting service
Mon Jun 16 20:35:01 UTC 2025 Backend down - restarting service
Mon Jun 16 20:40:01 UTC 2025 Backend down - restarting service
Mon Jun 16 20:45:01 UTC 2025 Backend down - restarting service
Mon Jun 16 20:50:01 UTC 2025 Backend down - restarting service
Mon Jun 16 20:55:01 UTC 2025 Backend down - restarting service
Mon Jun 16 21:00:01 UTC 2025 Backend down - restarting service
Mon Jun 16 21:05:01 UTC 2025 Backend down - restarting service
Mon Jun 16 21:10:01 UTC 2025 Backend down - restarting service
Mon Jun 16 21:15:01 UTC 2025 Backend down - restarting service
Mon Jun 16 21:20:01 UTC 2025 Backend down - restarting service
Mon Jun 16 21:25:01 UTC 2025 Backend down - restarting service
Mon Jun 16 21:30:02 UTC 2025 Backend down - restarting service
Mon Jun 16 21:35:01 UTC 2025 Backend down - restarting service
Mon Jun 16 21:40:01 UTC 2025 Backend down - restarting service
Mon Jun 16 21:45:01 UTC 2025 Backend down - restarting service
Mon Jun 16 21:50:01 UTC 2025 Backend down - restarting service
Mon Jun 16 21:55:01 UTC 2025 Backend down - restarting service
Mon Jun 16 22:00:01 UTC 2025 Backend down - restarting service
Mon Jun 16 22:05:01 UTC 2025 Backend down - restarting service
Mon Jun 16 22:10:01 UTC 2025 Backend down - restarting service
Mon Jun 16 22:15:01 UTC 2025 Backend down - restarting service
Mon Jun 16 22:20:01 UTC 2025 Backend down - restarting service
Mon Jun 16 22:25:01 UTC 2025 Backend down - restarting service
Mon Jun 16 22:30:02 UTC 2025 Backend down - restarting service
Mon Jun 16 22:35:01 UTC 2025 Backend down - restarting service
Mon Jun 16 22:40:01 UTC 2025 Backend down - restarting service
Mon Jun 16 22:45:01 UTC 2025 Backend down - restarting service
Mon Jun 16 22:50:01 UTC 2025 Backend down - restarting service
Mon Jun 16 22:55:01 UTC 2025 Backend down - restarting service
Mon Jun 16 23:00:01 UTC 2025 Backend down - restarting service
Mon Jun 16 23:05:01 UTC 2025 Backend down - restarting service
Mon Jun 16 23:10:01 UTC 2025 Backend down - restarting service
Mon Jun 16 23:15:01 UTC 2025 Backend down - restarting service
Mon Jun 16 23:20:01 UTC 2025 Backend down - restarting service
Mon Jun 16 23:25:01 UTC 2025 Backend down - restarting service
Mon Jun 16 23:30:01 UTC 2025 Backend down - restarting service
Mon Jun 16 23:35:01 UTC 2025 Backend down - restarting service
Mon Jun 16 23:40:02 UTC 2025 Backend down - restarting service
Mon Jun 16 23:45:01 UTC 2025 Backend down - restarting service
Mon Jun 16 23:50:01 UTC 2025 Backend down - restarting service
Mon Jun 16 23:55:01 UTC 2025 Backend down - restarting service
Tue Jun 17 00:00:01 UTC 2025 Backend down - restarting service
Tue Jun 17 00:05:01 UTC 2025 Backend down - restarting service
Tue Jun 17 00:10:01 UTC 2025 Backend down - restarting service
Tue Jun 17 00:15:01 UTC 2025 Backend down - restarting service
Tue Jun 17 00:20:01 UTC 2025 Backend down - restarting service
Tue Jun 17 00:25:01 UTC 2025 Backend down - restarting service
Tue Jun 17 00:30:01 UTC 2025 Backend down - restarting service
Tue Jun 17 00:35:01 UTC 2025 Backend down - restarting service
Tue Jun 17 00:40:02 UTC 2025 Backend down - restarting service
Tue Jun 17 00:45:01 UTC 2025 Backend down - restarting service
Tue Jun 17 00:50:01 UTC 2025 Backend down - restarting service
Tue Jun 17 00:55:01 UTC 2025 Backend down - restarting service
Tue Jun 17 01:00:01 UTC 2025 Backend down - restarting service
Tue Jun 17 01:05:01 UTC 2025 Backend down - restarting service
Tue Jun 17 01:10:01 UTC 2025 Backend down - restarting service
Tue Jun 17 01:15:01 UTC 2025 Backend down - restarting service
Tue Jun 17 01:20:01 UTC 2025 Backend down - restarting service
Tue Jun 17 01:25:01 UTC 2025 Backend down - restarting service
Tue Jun 17 01:30:01 UTC 2025 Backend down - restarting service
Tue Jun 17 01:35:01 UTC 2025 Backend down - restarting service
Tue Jun 17 01:40:01 UTC 2025 Backend down - restarting service
Tue Jun 17 01:45:01 UTC 2025 Backend down - restarting service
Tue Jun 17 01:50:02 UTC 2025 Backend down - restarting service
Tue Jun 17 01:55:01 UTC 2025 Backend down - restarting service
Tue Jun 17 02:00:01 UTC 2025 Backend down - restarting service
Tue Jun 17 02:05:01 UTC 2025 Backend down - restarting service
Tue Jun 17 02:10:01 UTC 2025 Backend down - restarting service
Tue Jun 17 02:15:01 UTC 2025 Backend down - restarting service
Tue Jun 17 02:20:01 UTC 2025 Backend down - restarting service
Tue Jun 17 02:25:01 UTC 2025 Backend down - restarting service
Tue Jun 17 02:30:01 UTC 2025 Backend down - restarting service
Tue Jun 17 02:35:01 UTC 2025 Backend down - restarting service
Tue Jun 17 02:40:01 UTC 2025 Backend down - restarting service
Tue Jun 17 02:45:01 UTC 2025 Backend down - restarting service
Tue Jun 17 02:50:02 UTC 2025 Backend down - restarting service
Tue Jun 17 02:55:01 UTC 2025 Backend down - restarting service
Tue Jun 17 03:00:01 UTC 2025 Backend down - restarting service
Tue Jun 17 03:05:01 UTC 2025 Backend down - restarting service
Tue Jun 17 03:10:01 UTC 2025 Backend down - restarting service
Tue Jun 17 03:15:01 UTC 2025 Backend down - restarting service
Tue Jun 17 03:20:01 UTC 2025 Backend down - restarting service
Tue Jun 17 03:25:01 UTC 2025 Backend down - restarting service
Tue Jun 17 03:30:01 UTC 2025 Backend down - restarting service
Tue Jun 17 03:35:01 UTC 2025 Backend down - restarting service
Tue Jun 17 03:40:01 UTC 2025 Backend down - restarting service
Tue Jun 17 03:45:01 UTC 2025 Backend down - restarting service
Tue Jun 17 03:50:01 UTC 2025 Backend down - restarting service
Tue Jun 17 03:55:01 UTC 2025 Backend down - restarting service
Tue Jun 17 04:00:02 UTC 2025 Backend down - restarting service
Tue Jun 17 04:05:01 UTC 2025 Backend down - restarting service
Tue Jun 17 04:10:01 UTC 2025 Backend down - restarting service
Tue Jun 17 04:15:01 UTC 2025 Backend down - restarting service
Tue Jun 17 04:20:01 UTC 2025 Backend down - restarting service
Tue Jun 17 04:25:01 UTC 2025 Backend down - restarting service
Tue Jun 17 04:30:01 UTC 2025 Backend down - restarting service
Tue Jun 17 04:35:01 UTC 2025 Backend down - restarting service
Tue Jun 17 04:40:01 UTC 2025 Backend down - restarting service
Tue Jun 17 04:45:01 UTC 2025 Backend down - restarting service
Tue Jun 17 04:50:01 UTC 2025 Backend down - restarting service
Tue Jun 17 04:55:01 UTC 2025 Backend down - restarting service
Tue Jun 17 05:00:01 UTC 2025 Backend down - restarting service
Tue Jun 17 05:05:02 UTC 2025 Backend down - restarting service
Tue Jun 17 05:10:01 UTC 2025 Backend down - restarting service
Tue Jun 17 05:15:01 UTC 2025 Backend down - restarting service
Tue Jun 17 05:20:01 UTC 2025 Backend down - restarting service
Tue Jun 17 05:25:01 UTC 2025 Backend down - restarting service
Tue Jun 17 05:30:01 UTC 2025 Backend down - restarting service
Tue Jun 17 05:35:01 UTC 2025 Backend down - restarting service
Tue Jun 17 05:40:01 UTC 2025 Backend down - restarting service
Tue Jun 17 05:45:01 UTC 2025 Backend down - restarting service
Tue Jun 17 05:50:01 UTC 2025 Backend down - restarting service
Tue Jun 17 05:55:01 UTC 2025 Backend down - restarting service
Tue Jun 17 06:00:01 UTC 2025 Backend down - restarting service
Tue Jun 17 06:05:01 UTC 2025 Backend down - restarting service
Tue Jun 17 06:10:01 UTC 2025 Backend down - restarting service
Tue Jun 17 06:15:02 UTC 2025 Backend down - restarting service
Tue Jun 17 06:20:01 UTC 2025 Backend down - restarting service
Tue Jun 17 06:25:01 UTC 2025 Backend down - restarting service
Tue Jun 17 06:30:01 UTC 2025 Backend down - restarting service
Tue Jun 17 06:35:01 UTC 2025 Backend down - restarting service
Tue Jun 17 06:40:01 UTC 2025 Backend down - restarting service
Tue Jun 17 06:45:01 UTC 2025 Backend down - restarting service
Tue Jun 17 06:50:01 UTC 2025 Backend down - restarting service
Tue Jun 17 06:55:01 UTC 2025 Backend down - restarting service
Tue Jun 17 07:00:01 UTC 2025 Backend down - restarting service
Tue Jun 17 07:05:01 UTC 2025 Backend down - restarting service
Tue Jun 17 07:10:01 UTC 2025 Backend down - restarting service
Tue Jun 17 07:15:02 UTC 2025 Backend down - restarting service
Tue Jun 17 07:20:01 UTC 2025 Backend down - restarting service
Tue Jun 17 07:25:01 UTC 2025 Backend down - restarting service
Tue Jun 17 07:30:01 UTC 2025 Backend down - restarting service
Tue Jun 17 07:35:01 UTC 2025 Backend down - restarting service
Tue Jun 17 07:40:01 UTC 2025 Backend down - restarting service
Tue Jun 17 07:45:01 UTC 2025 Backend down - restarting service
Tue Jun 17 07:50:01 UTC 2025 Backend down - restarting service
Tue Jun 17 07:55:01 UTC 2025 Backend down - restarting service
Tue Jun 17 08:00:01 UTC 2025 Backend down - restarting service
Tue Jun 17 08:05:01 UTC 2025 Backend down - restarting service
Tue Jun 17 08:10:01 UTC 2025 Backend down - restarting service
Tue Jun 17 08:15:01 UTC 2025 Backend down - restarting service
Tue Jun 17 08:20:02 UTC 2025 Backend down - restarting service
Tue Jun 17 08:25:01 UTC 2025 Backend down - restarting service
Tue Jun 17 08:30:01 UTC 2025 Backend down - restarting service
Tue Jun 17 08:35:01 UTC 2025 Backend down - restarting service
Tue Jun 17 08:40:01 UTC 2025 Backend down - restarting service
Tue Jun 17 08:45:01 UTC 2025 Backend down - restarting service
Tue Jun 17 08:50:01 UTC 2025 Backend down - restarting service
Tue Jun 17 08:55:01 UTC 2025 Backend down - restarting service
Tue Jun 17 09:00:01 UTC 2025 Backend down - restarting service
Tue Jun 17 09:05:01 UTC 2025 Backend down - restarting service
Tue Jun 17 09:10:01 UTC 2025 Backend down - restarting service
Tue Jun 17 09:15:01 UTC 2025 Backend down - restarting service
Tue Jun 17 09:20:01 UTC 2025 Backend down - restarting service
Tue Jun 17 09:25:01 UTC 2025 Backend down - restarting service
Tue Jun 17 09:30:02 UTC 2025 Backend down - restarting service
Tue Jun 17 09:35:01 UTC 2025 Backend down - restarting service
Tue Jun 17 09:40:01 UTC 2025 Backend down - restarting service
Tue Jun 17 09:45:01 UTC 2025 Backend down - restarting service
Tue Jun 17 09:50:01 UTC 2025 Backend down - restarting service
Tue Jun 17 09:55:01 UTC 2025 Backend down - restarting service
Tue Jun 17 10:00:01 UTC 2025 Backend down - restarting service
Tue Jun 17 10:05:01 UTC 2025 Backend down - restarting service
Tue Jun 17 10:10:01 UTC 2025 Backend down - restarting service
Tue Jun 17 10:15:01 UTC 2025 Backend down - restarting service
Tue Jun 17 10:20:01 UTC 2025 Backend down - restarting service
Tue Jun 17 10:25:01 UTC 2025 Backend down - restarting service
Tue Jun 17 10:30:01 UTC 2025 Backend down - restarting service
Tue Jun 17 10:35:02 UTC 2025 Backend down - restarting service
Tue Jun 17 10:40:01 UTC 2025 Backend down - restarting service
Tue Jun 17 10:45:01 UTC 2025 Backend down - restarting service
Tue Jun 17 10:50:01 UTC 2025 Backend down - restarting service
Tue Jun 17 10:55:01 UTC 2025 Backend down - restarting service
Tue Jun 17 11:00:01 UTC 2025 Backend down - restarting service
Tue Jun 17 11:05:01 UTC 2025 Backend down - restarting service
Tue Jun 17 11:10:01 UTC 2025 Backend down - restarting service
Tue Jun 17 11:15:01 UTC 2025 Backend down - restarting service
Tue Jun 17 11:20:01 UTC 2025 Backend down - restarting service
Tue Jun 17 11:25:01 UTC 2025 Backend down - restarting service
Tue Jun 17 11:30:01 UTC 2025 Backend down - restarting service
Tue Jun 17 11:35:02 UTC 2025 Backend down - restarting service
Tue Jun 17 11:40:01 UTC 2025 Backend down - restarting service
Tue Jun 17 11:45:01 UTC 2025 Backend down - restarting service
Tue Jun 17 11:50:01 UTC 2025 Backend down - restarting service
Tue Jun 17 11:55:01 UTC 2025 Backend down - restarting service
Tue Jun 17 12:00:01 UTC 2025 Backend down - restarting service
Tue Jun 17 12:05:01 UTC 2025 Backend down - restarting service
Tue Jun 17 12:10:01 UTC 2025 Backend down - restarting service
Tue Jun 17 12:15:01 UTC 2025 Backend down - restarting service
Tue Jun 17 12:20:01 UTC 2025 Backend down - restarting service
Tue Jun 17 12:25:01 UTC 2025 Backend down - restarting service
Tue Jun 17 12:30:01 UTC 2025 Backend down - restarting service
Tue Jun 17 12:35:01 UTC 2025 Backend down - restarting service
Tue Jun 17 12:40:02 UTC 2025 Backend down - restarting service
Tue Jun 17 12:45:01 UTC 2025 Backend down - restarting service
Tue Jun 17 12:50:01 UTC 2025 Backend down - restarting service
Tue Jun 17 12:55:01 UTC 2025 Backend down - restarting service
Tue Jun 17 13:00:01 UTC 2025 Backend down - restarting service
Tue Jun 17 13:05:01 UTC 2025 Backend down - restarting service
Tue Jun 17 13:10:01 UTC 2025 Backend down - restarting service
Tue Jun 17 13:15:01 UTC 2025 Backend down - restarting service
Tue Jun 17 13:20:01 UTC 2025 Backend down - restarting service
Tue Jun 17 13:25:01 UTC 2025 Backend down - restarting service
Tue Jun 17 13:30:01 UTC 2025 Backend down - restarting service
Tue Jun 17 13:35:01 UTC 2025 Backend down - restarting service
Tue Jun 17 13:40:01 UTC 2025 Backend down - restarting service
Tue Jun 17 13:45:02 UTC 2025 Backend down - restarting service
Tue Jun 17 13:50:01 UTC 2025 Backend down - restarting service
Tue Jun 17 13:55:01 UTC 2025 Backend down - restarting service
Tue Jun 17 14:00:01 UTC 2025 Backend down - restarting service
Tue Jun 17 14:05:01 UTC 2025 Backend down - restarting service
Tue Jun 17 14:10:01 UTC 2025 Backend down - restarting service
Tue Jun 17 14:15:01 UTC 2025 Backend down - restarting service
Tue Jun 17 14:20:01 UTC 2025 Backend down - restarting service
Tue Jun 17 14:25:01 UTC 2025 Backend down - restarting service
Tue Jun 17 14:30:01 UTC 2025 Backend down - restarting service
Tue Jun 17 14:35:01 UTC 2025 Backend down - restarting service
Tue Jun 17 14:40:01 UTC 2025 Backend down - restarting service
Tue Jun 17 14:45:01 UTC 2025 Backend down - restarting service
Tue Jun 17 14:50:01 UTC 2025 Backend down - restarting service
Tue Jun 17 14:55:02 UTC 2025 Backend down - restarting service
Tue Jun 17 15:00:01 UTC 2025 Backend down - restarting service
Tue Jun 17 15:05:01 UTC 2025 Backend down - restarting service
Tue Jun 17 15:10:01 UTC 2025 Backend down - restarting service
Tue Jun 17 15:15:01 UTC 2025 Backend down - restarting service
Tue Jun 17 15:20:01 UTC 2025 Backend down - restarting service
Tue Jun 17 15:25:01 UTC 2025 Backend down - restarting service
Tue Jun 17 15:30:01 UTC 2025 Backend down - restarting service
Tue Jun 17 15:35:01 UTC 2025 Backend down - restarting service
Tue Jun 17 15:40:01 UTC 2025 Backend down - restarting service
Tue Jun 17 15:45:01 UTC 2025 Backend down - restarting service
Tue Jun 17 15:50:01 UTC 2025 Backend down - restarting service
Tue Jun 17 15:55:01 UTC 2025 Backend down - restarting service
Tue Jun 17 16:00:01 UTC 2025 Backend down - restarting service
Tue Jun 17 16:05:02 UTC 2025 Backend down - restarting service
Tue Jun 17 16:10:01 UTC 2025 Backend down - restarting service
Tue Jun 17 16:15:01 UTC 2025 Backend down - restarting service
Tue Jun 17 16:20:01 UTC 2025 Backend down - restarting service
Tue Jun 17 16:25:01 UTC 2025 Backend down - restarting service
Tue Jun 17 16:30:01 UTC 2025 Backend down - restarting service
Tue Jun 17 16:35:01 UTC 2025 Backend down - restarting service
Tue Jun 17 16:40:01 UTC 2025 Backend down - restarting service
Tue Jun 17 16:45:01 UTC 2025 Backend down - restarting service
Tue Jun 17 16:50:01 UTC 2025 Backend down - restarting service
Tue Jun 17 16:55:01 UTC 2025 Backend down - restarting service
Tue Jun 17 17:00:01 UTC 2025 Backend down - restarting service
Tue Jun 17 17:05:01 UTC 2025 Backend down - restarting service
Tue Jun 17 17:10:02 UTC 2025 Backend down - restarting service
Tue Jun 17 17:15:01 UTC 2025 Backend down - restarting service
Tue Jun 17 17:20:01 UTC 2025 Backend down - restarting service
Tue Jun 17 17:25:01 UTC 2025 Backend down - restarting service
Tue Jun 17 17:30:01 UTC 2025 Backend down - restarting service
Tue Jun 17 17:35:01 UTC 2025 Backend down - restarting service
Tue Jun 17 17:40:01 UTC 2025 Backend down - restarting service
Tue Jun 17 17:45:01 UTC 2025 Backend down - restarting service
Tue Jun 17 17:50:01 UTC 2025 Backend down - restarting service
Tue Jun 17 17:55:01 UTC 2025 Backend down - restarting service
Tue Jun 17 18:00:01 UTC 2025 Backend down - restarting service
Tue Jun 17 18:05:01 UTC 2025 Backend down - restarting service
Tue Jun 17 18:10:01 UTC 2025 Backend down - restarting service
Tue Jun 17 18:15:01 UTC 2025 Backend down - restarting service
Tue Jun 17 18:20:02 UTC 2025 Backend down - restarting service
Tue Jun 17 18:25:01 UTC 2025 Backend down - restarting service
Tue Jun 17 18:30:01 UTC 2025 Backend down - restarting service
Tue Jun 17 18:35:01 UTC 2025 Backend down - restarting service
Tue Jun 17 18:40:01 UTC 2025 Backend down - restarting service
Tue Jun 17 18:45:01 UTC 2025 Backend down - restarting service
Tue Jun 17 18:50:01 UTC 2025 Backend down - restarting service
Tue Jun 17 18:55:01 UTC 2025 Backend down - restarting service
Tue Jun 17 19:00:01 UTC 2025 Backend down - restarting service
Tue Jun 17 19:05:01 UTC 2025 Backend down - restarting service
Tue Jun 17 19:10:01 UTC 2025 Backend down - restarting service
Tue Jun 17 19:15:01 UTC 2025 Backend down - restarting service
Tue Jun 17 19:20:01 UTC 2025 Backend down - restarting service
Tue Jun 17 19:25:01 UTC 2025 Backend down - restarting service
Tue Jun 17 19:30:02 UTC 2025 Backend down - restarting service
Tue Jun 17 19:35:01 UTC 2025 Backend down - restarting service
Tue Jun 17 19:40:01 UTC 2025 Backend down - restarting service
Tue Jun 17 19:45:01 UTC 2025 Backend down - restarting service
Tue Jun 17 19:50:01 UTC 2025 Backend down - restarting service
Tue Jun 17 19:55:01 UTC 2025 Backend down - restarting service
Tue Jun 17 20:00:01 UTC 2025 Backend down - restarting service
Tue Jun 17 20:05:01 UTC 2025 Backend down - restarting service
Tue Jun 17 20:10:01 UTC 2025 Backend down - restarting service
Tue Jun 17 20:15:01 UTC 2025 Backend down - restarting service
Tue Jun 17 20:20:01 UTC 2025 Backend down - restarting service
Tue Jun 17 20:25:01 UTC 2025 Backend down - restarting service
Tue Jun 17 20:30:02 UTC 2025 Backend down - restarting service
Tue Jun 17 20:35:01 UTC 2025 Backend down - restarting service
Tue Jun 17 20:40:01 UTC 2025 Backend down - restarting service
Tue Jun 17 20:45:01 UTC 2025 Backend down - restarting service
Tue Jun 17 20:50:01 UTC 2025 Backend down - restarting service
Tue Jun 17 20:55:01 UTC 2025 Backend down - restarting service
Tue Jun 17 21:00:01 UTC 2025 Backend down - restarting service
Tue Jun 17 21:05:01 UTC 2025 Backend down - restarting service
Tue Jun 17 21:10:01 UTC 2025 Backend down - restarting service
Tue Jun 17 21:15:01 UTC 2025 Backend down - restarting service
Tue Jun 17 21:20:01 UTC 2025 Backend down - restarting service
Tue Jun 17 21:25:01 UTC 2025 Backend down - restarting service
Tue Jun 17 21:30:02 UTC 2025 Backend down - restarting service
Tue Jun 17 21:35:01 UTC 2025 Backend down - restarting service
Tue Jun 17 21:40:01 UTC 2025 Backend down - restarting service
Tue Jun 17 21:45:01 UTC 2025 Backend down - restarting service
Tue Jun 17 21:50:01 UTC 2025 Backend down - restarting service
Tue Jun 17 21:55:01 UTC 2025 Backend down - restarting service
Tue Jun 17 22:00:01 UTC 2025 Backend down - restarting service
Tue Jun 17 22:05:01 UTC 2025 Backend down - restarting service
Tue Jun 17 22:10:01 UTC 2025 Backend down - restarting service
Tue Jun 17 22:15:01 UTC 2025 Backend down - restarting service
Tue Jun 17 22:20:01 UTC 2025 Backend down - restarting service
Tue Jun 17 22:25:01 UTC 2025 Backend down - restarting service
Tue Jun 17 22:30:01 UTC 2025 Backend down - restarting service
Tue Jun 17 22:35:02 UTC 2025 Backend down - restarting service
Tue Jun 17 22:40:01 UTC 2025 Backend down - restarting service
Tue Jun 17 22:45:01 UTC 2025 Backend down - restarting service
Tue Jun 17 22:50:01 UTC 2025 Backend down - restarting service
Tue Jun 17 22:55:01 UTC 2025 Backend down - restarting service
Tue Jun 17 23:00:01 UTC 2025 Backend down - restarting service
Tue Jun 17 23:05:01 UTC 2025 Backend down - restarting service
Tue Jun 17 23:10:01 UTC 2025 Backend down - restarting service
Tue Jun 17 23:15:01 UTC 2025 Backend down - restarting service
Tue Jun 17 23:20:01 UTC 2025 Backend down - restarting service
Tue Jun 17 23:25:01 UTC 2025 Backend down - restarting service
Tue Jun 17 23:30:01 UTC 2025 Backend down - restarting service
Tue Jun 17 23:35:01 UTC 2025 Backend down - restarting service
Tue Jun 17 23:40:01 UTC 2025 Backend down - restarting service
Tue Jun 17 23:45:02 UTC 2025 Backend down - restarting service
Tue Jun 17 23:50:01 UTC 2025 Backend down - restarting service
Tue Jun 17 23:55:01 UTC 2025 Backend down - restarting service
Wed Jun 18 00:00:01 UTC 2025 Backend down - restarting service
Wed Jun 18 00:05:01 UTC 2025 Backend down - restarting service
Wed Jun 18 00:10:01 UTC 2025 Backend down - restarting service
Wed Jun 18 00:15:01 UTC 2025 Backend down - restarting service
Wed Jun 18 00:20:01 UTC 2025 Backend down - restarting service
Wed Jun 18 00:25:01 UTC 2025 Backend down - restarting service
Wed Jun 18 00:30:01 UTC 2025 Backend down - restarting service
Wed Jun 18 00:35:01 UTC 2025 Backend down - restarting service
Wed Jun 18 00:40:01 UTC 2025 Backend down - restarting service
Wed Jun 18 00:45:02 UTC 2025 Backend down - restarting service
Wed Jun 18 00:50:01 UTC 2025 Backend down - restarting service
Wed Jun 18 00:55:01 UTC 2025 Backend down - restarting service
Wed Jun 18 01:00:01 UTC 2025 Backend down - restarting service
Wed Jun 18 01:05:01 UTC 2025 Backend down - restarting service
Wed Jun 18 01:10:01 UTC 2025 Backend down - restarting service
Wed Jun 18 01:15:01 UTC 2025 Backend down - restarting service
Wed Jun 18 01:20:01 UTC 2025 Backend down - restarting service
Wed Jun 18 01:25:01 UTC 2025 Backend down - restarting service
Wed Jun 18 01:30:01 UTC 2025 Backend down - restarting service
Wed Jun 18 01:35:01 UTC 2025 Backend down - restarting service
Wed Jun 18 01:40:01 UTC 2025 Backend down - restarting service
Wed Jun 18 01:45:01 UTC 2025 Backend down - restarting service
Wed Jun 18 01:50:02 UTC 2025 Backend down - restarting service
Wed Jun 18 01:55:01 UTC 2025 Backend down - restarting service
Wed Jun 18 02:00:01 UTC 2025 Backend down - restarting service
Wed Jun 18 02:05:01 UTC 2025 Backend down - restarting service
Wed Jun 18 02:10:01 UTC 2025 Backend down - restarting service
Wed Jun 18 02:15:01 UTC 2025 Backend down - restarting service
Wed Jun 18 02:20:01 UTC 2025 Backend down - restarting service
Wed Jun 18 02:25:01 UTC 2025 Backend down - restarting service
Wed Jun 18 02:30:01 UTC 2025 Backend down - restarting service
Wed Jun 18 02:35:01 UTC 2025 Backend down - restarting service
Wed Jun 18 02:40:01 UTC 2025 Backend down - restarting service
Wed Jun 18 02:45:01 UTC 2025 Backend down - restarting service
Wed Jun 18 02:50:01 UTC 2025 Backend down - restarting service
Wed Jun 18 02:55:01 UTC 2025 Backend down - restarting service
Wed Jun 18 03:00:02 UTC 2025 Backend down - restarting service
Wed Jun 18 03:05:01 UTC 2025 Backend down - restarting service
Wed Jun 18 03:10:01 UTC 2025 Backend down - restarting service
Wed Jun 18 03:15:01 UTC 2025 Backend down - restarting service
Wed Jun 18 03:20:01 UTC 2025 Backend down - restarting service
Wed Jun 18 03:25:01 UTC 2025 Backend down - restarting service
Wed Jun 18 03:30:01 UTC 2025 Backend down - restarting service
Wed Jun 18 03:35:01 UTC 2025 Backend down - restarting service
Wed Jun 18 03:40:01 UTC 2025 Backend down - restarting service
Wed Jun 18 03:45:01 UTC 2025 Backend down - restarting service
Wed Jun 18 03:50:01 UTC 2025 Backend down - restarting service
Wed Jun 18 03:55:01 UTC 2025 Backend down - restarting service
Wed Jun 18 04:00:01 UTC 2025 Backend down - restarting service
Wed Jun 18 04:05:02 UTC 2025 Backend down - restarting service
Wed Jun 18 04:10:01 UTC 2025 Backend down - restarting service
Wed Jun 18 04:15:01 UTC 2025 Backend down - restarting service
Wed Jun 18 04:20:01 UTC 2025 Backend down - restarting service
Wed Jun 18 04:25:01 UTC 2025 Backend down - restarting service
Wed Jun 18 04:30:01 UTC 2025 Backend down - restarting service
Wed Jun 18 04:35:01 UTC 2025 Backend down - restarting service
Wed Jun 18 04:40:01 UTC 2025 Backend down - restarting service
Wed Jun 18 04:45:01 UTC 2025 Backend down - restarting service
Wed Jun 18 04:50:01 UTC 2025 Backend down - restarting service
Wed Jun 18 04:55:01 UTC 2025 Backend down - restarting service
Wed Jun 18 05:00:01 UTC 2025 Backend down - restarting service
Wed Jun 18 05:05:01 UTC 2025 Backend down - restarting service
Wed Jun 18 05:10:01 UTC 2025 Backend down - restarting service
Wed Jun 18 05:15:02 UTC 2025 Backend down - restarting service
Wed Jun 18 05:20:01 UTC 2025 Backend down - restarting service
Wed Jun 18 05:25:01 UTC 2025 Backend down - restarting service
Wed Jun 18 05:30:01 UTC 2025 Backend down - restarting service
Wed Jun 18 05:35:01 UTC 2025 Backend down - restarting service
Wed Jun 18 05:40:01 UTC 2025 Backend down - restarting service
Wed Jun 18 05:45:01 UTC 2025 Backend down - restarting service
Wed Jun 18 05:50:01 UTC 2025 Backend down - restarting service
Wed Jun 18 05:55:01 UTC 2025 Backend down - restarting service
Wed Jun 18 06:00:01 UTC 2025 Backend down - restarting service
Wed Jun 18 06:05:01 UTC 2025 Backend down - restarting service
Wed Jun 18 06:10:01 UTC 2025 Backend down - restarting service
Wed Jun 18 06:15:01 UTC 2025 Backend down - restarting service
Wed Jun 18 06:20:02 UTC 2025 Backend down - restarting service
Wed Jun 18 06:25:01 UTC 2025 Backend down - restarting service
Wed Jun 18 06:30:01 UTC 2025 Backend down - restarting service
Wed Jun 18 06:35:01 UTC 2025 Backend down - restarting service
Wed Jun 18 06:40:01 UTC 2025 Backend down - restarting service
Wed Jun 18 06:45:01 UTC 2025 Backend down - restarting service
Wed Jun 18 06:50:01 UTC 2025 Backend down - restarting service
Wed Jun 18 06:55:01 UTC 2025 Backend down - restarting service
Wed Jun 18 07:00:01 UTC 2025 Backend down - restarting service
Wed Jun 18 07:05:01 UTC 2025 Backend down - restarting service
Wed Jun 18 07:10:01 UTC 2025 Backend down - restarting service
Wed Jun 18 07:15:01 UTC 2025 Backend down - restarting service
Wed Jun 18 07:20:01 UTC 2025 Backend down - restarting service
Wed Jun 18 07:25:01 UTC 2025 Backend down - restarting service
Wed Jun 18 07:30:02 UTC 2025 Backend down - restarting service
Wed Jun 18 07:35:01 UTC 2025 Backend down - restarting service
Wed Jun 18 07:40:01 UTC 2025 Backend down - restarting service
Wed Jun 18 07:45:01 UTC 2025 Backend down - restarting service
Wed Jun 18 07:50:01 UTC 2025 Backend down - restarting service
Wed Jun 18 07:55:01 UTC 2025 Backend down - restarting service
Wed Jun 18 08:00:01 UTC 2025 Backend down - restarting service
Wed Jun 18 08:05:01 UTC 2025 Backend down - restarting service
Wed Jun 18 08:10:01 UTC 2025 Backend down - restarting service
Wed Jun 18 08:15:01 UTC 2025 Backend down - restarting service
Wed Jun 18 08:20:01 UTC 2025 Backend down - restarting service
Wed Jun 18 08:25:01 UTC 2025 Backend down - restarting service
Wed Jun 18 08:30:02 UTC 2025 Backend down - restarting service
Wed Jun 18 08:35:01 UTC 2025 Backend down - restarting service
Wed Jun 18 08:40:01 UTC 2025 Backend down - restarting service
Wed Jun 18 08:45:01 UTC 2025 Backend down - restarting service
Wed Jun 18 08:50:01 UTC 2025 Backend down - restarting service
Wed Jun 18 08:55:01 UTC 2025 Backend down - restarting service
Wed Jun 18 09:00:01 UTC 2025 Backend down - restarting service
Wed Jun 18 09:05:01 UTC 2025 Backend down - restarting service
Wed Jun 18 09:10:01 UTC 2025 Backend down - restarting service
Wed Jun 18 09:15:01 UTC 2025 Backend down - restarting service
Wed Jun 18 09:20:01 UTC 2025 Backend down - restarting service
Wed Jun 18 09:25:01 UTC 2025 Backend down - restarting service
Wed Jun 18 09:30:02 UTC 2025 Backend down - restarting service
Wed Jun 18 09:35:01 UTC 2025 Backend down - restarting service
Wed Jun 18 09:40:01 UTC 2025 Backend down - restarting service
Wed Jun 18 09:45:01 UTC 2025 Backend down - restarting service
Wed Jun 18 09:50:01 UTC 2025 Backend down - restarting service
Wed Jun 18 09:55:01 UTC 2025 Backend down - restarting service
Wed Jun 18 10:00:01 UTC 2025 Backend down - restarting service
Wed Jun 18 10:05:01 UTC 2025 Backend down - restarting service
Wed Jun 18 10:10:01 UTC 2025 Backend down - restarting service
Wed Jun 18 10:15:01 UTC 2025 Backend down - restarting service
Wed Jun 18 10:20:01 UTC 2025 Backend down - restarting service
Wed Jun 18 10:25:01 UTC 2025 Backend down - restarting service
Wed Jun 18 10:30:01 UTC 2025 Backend down - restarting service
Wed Jun 18 10:35:02 UTC 2025 Backend down - restarting service
Wed Jun 18 10:40:01 UTC 2025 Backend down - restarting service
Wed Jun 18 10:45:01 UTC 2025 Backend down - restarting service
Wed Jun 18 10:50:01 UTC 2025 Backend down - restarting service
Wed Jun 18 10:55:01 UTC 2025 Backend down - restarting service
Wed Jun 18 11:00:01 UTC 2025 Backend down - restarting service
Wed Jun 18 11:05:01 UTC 2025 Backend down - restarting service
Wed Jun 18 11:10:01 UTC 2025 Backend down - restarting service
Wed Jun 18 11:15:01 UTC 2025 Backend down - restarting service
Wed Jun 18 11:20:01 UTC 2025 Backend down - restarting service
Wed Jun 18 11:25:01 UTC 2025 Backend down - restarting service
Wed Jun 18 11:30:01 UTC 2025 Backend down - restarting service
Wed Jun 18 11:35:01 UTC 2025 Backend down - restarting service
Wed Jun 18 11:40:01 UTC 2025 Backend down - restarting service
Wed Jun 18 11:45:02 UTC 2025 Backend down - restarting service
Wed Jun 18 11:50:01 UTC 2025 Backend down - restarting service
Wed Jun 18 11:55:01 UTC 2025 Backend down - restarting service
Wed Jun 18 12:00:01 UTC 2025 Backend down - restarting service
Wed Jun 18 12:05:01 UTC 2025 Backend down - restarting service
Wed Jun 18 12:10:01 UTC 2025 Backend down - restarting service
Wed Jun 18 12:15:01 UTC 2025 Backend down - restarting service
Wed Jun 18 12:20:01 UTC 2025 Backend down - restarting service
Wed Jun 18 12:25:01 UTC 2025 Backend down - restarting service
Wed Jun 18 12:30:01 UTC 2025 Backend down - restarting service
Wed Jun 18 12:35:01 UTC 2025 Backend down - restarting service
Wed Jun 18 12:40:01 UTC 2025 Backend down - restarting service
Wed Jun 18 12:45:02 UTC 2025 Backend down - restarting service
Wed Jun 18 12:50:01 UTC 2025 Backend down - restarting service
Wed Jun 18 12:55:01 UTC 2025 Backend down - restarting service
Wed Jun 18 13:00:01 UTC 2025 Backend down - restarting service
Wed Jun 18 13:05:01 UTC 2025 Backend down - restarting service
Wed Jun 18 13:10:01 UTC 2025 Backend down - restarting service
Wed Jun 18 13:15:01 UTC 2025 Backend down - restarting service
Wed Jun 18 13:20:01 UTC 2025 Backend down - restarting service
Wed Jun 18 13:25:01 UTC 2025 Backend down - restarting service
Wed Jun 18 13:30:01 UTC 2025 Backend down - restarting service
Wed Jun 18 13:35:01 UTC 2025 Backend down - restarting service
Wed Jun 18 13:40:01 UTC 2025 Backend down - restarting service
Wed Jun 18 13:45:01 UTC 2025 Backend down - restarting service
Wed Jun 18 13:50:02 UTC 2025 Backend down - restarting service
Wed Jun 18 13:55:01 UTC 2025 Backend down - restarting service
Wed Jun 18 14:00:01 UTC 2025 Backend down - restarting service
Wed Jun 18 14:05:01 UTC 2025 Backend down - restarting service
Wed Jun 18 14:10:01 UTC 2025 Backend down - restarting service
Wed Jun 18 14:15:01 UTC 2025 Backend down - restarting service
Wed Jun 18 14:20:01 UTC 2025 Backend down - restarting service
Wed Jun 18 14:25:01 UTC 2025 Backend down - restarting service
Wed Jun 18 14:30:01 UTC 2025 Backend down - restarting service
Wed Jun 18 14:35:01 UTC 2025 Backend down - restarting service
Wed Jun 18 14:40:01 UTC 2025 Backend down - restarting service
Wed Jun 18 14:45:01 UTC 2025 Backend down - restarting service
Wed Jun 18 14:50:01 UTC 2025 Backend down - restarting service
Wed Jun 18 14:55:01 UTC 2025 Backend down - restarting service
Wed Jun 18 15:00:02 UTC 2025 Backend down - restarting service
Wed Jun 18 15:05:01 UTC 2025 Backend down - restarting service
Wed Jun 18 15:10:01 UTC 2025 Backend down - restarting service
Wed Jun 18 15:15:01 UTC 2025 Backend down - restarting service
Wed Jun 18 15:20:01 UTC 2025 Backend down - restarting service
Wed Jun 18 15:25:01 UTC 2025 Backend down - restarting service
Wed Jun 18 15:30:01 UTC 2025 Backend down - restarting service
Wed Jun 18 15:35:01 UTC 2025 Backend down - restarting service
Wed Jun 18 15:40:01 UTC 2025 Backend down - restarting service
Wed Jun 18 15:45:01 UTC 2025 Backend down - restarting service
Wed Jun 18 15:50:01 UTC 2025 Backend down - restarting service
Wed Jun 18 15:55:01 UTC 2025 Backend down - restarting service
Wed Jun 18 16:00:02 UTC 2025 Backend down - restarting service
Wed Jun 18 16:05:01 UTC 2025 Backend down - restarting service
Wed Jun 18 16:10:01 UTC 2025 Backend down - restarting service
Wed Jun 18 16:15:01 UTC 2025 Backend down - restarting service
Wed Jun 18 16:20:01 UTC 2025 Backend down - restarting service
Wed Jun 18 16:25:01 UTC 2025 Backend down - restarting service
Wed Jun 18 16:30:01 UTC 2025 Backend down - restarting service
Wed Jun 18 16:35:01 UTC 2025 Backend down - restarting service
Wed Jun 18 16:40:01 UTC 2025 Backend down - restarting service
Wed Jun 18 16:45:01 UTC 2025 Backend down - restarting service
Wed Jun 18 16:50:01 UTC 2025 Backend down - restarting service
Wed Jun 18 16:55:01 UTC 2025 Backend down - restarting service
Wed Jun 18 17:00:02 UTC 2025 Backend down - restarting service
Wed Jun 18 17:05:01 UTC 2025 Backend down - restarting service
Wed Jun 18 17:10:01 UTC 2025 Backend down - restarting service
Wed Jun 18 17:15:01 UTC 2025 Backend down - restarting service
Wed Jun 18 17:20:01 UTC 2025 Backend down - restarting service
Wed Jun 18 17:25:01 UTC 2025 Backend down - restarting service
Wed Jun 18 17:30:01 UTC 2025 Backend down - restarting service
Wed Jun 18 17:35:01 UTC 2025 Backend down - restarting service
Wed Jun 18 17:40:01 UTC 2025 Backend down - restarting service
Wed Jun 18 17:45:01 UTC 2025 Backend down - restarting service
Wed Jun 18 17:50:01 UTC 2025 Backend down - restarting service
Wed Jun 18 17:55:01 UTC 2025 Backend down - restarting service
Wed Jun 18 18:00:02 UTC 2025 Backend down - restarting service
Wed Jun 18 18:05:01 UTC 2025 Backend down - restarting service
Wed Jun 18 18:10:01 UTC 2025 Backend down - restarting service
Wed Jun 18 18:15:01 UTC 2025 Backend down - restarting service
Wed Jun 18 18:20:01 UTC 2025 Backend down - restarting service
Wed Jun 18 18:25:01 UTC 2025 Backend down - restarting service
Wed Jun 18 18:30:01 UTC 2025 Backend down - restarting service
Wed Jun 18 18:35:01 UTC 2025 Backend down - restarting service
Wed Jun 18 18:40:01 UTC 2025 Backend down - restarting service
Wed Jun 18 18:45:01 UTC 2025 Backend down - restarting service
Wed Jun 18 18:50:01 UTC 2025 Backend down - restarting service
Wed Jun 18 18:55:01 UTC 2025 Backend down - restarting service
Wed Jun 18 19:00:01 UTC 2025 Backend down - restarting service
Wed Jun 18 19:05:02 UTC 2025 Backend down - restarting service
Wed Jun 18 19:10:01 UTC 2025 Backend down - restarting service
Wed Jun 18 19:15:01 UTC 2025 Backend down - restarting service
Wed Jun 18 19:20:01 UTC 2025 Backend down - restarting service
Wed Jun 18 19:25:01 UTC 2025 Backend down - restarting service
Wed Jun 18 19:30:01 UTC 2025 Backend down - restarting service
Wed Jun 18 19:35:01 UTC 2025 Backend down - restarting service
Wed Jun 18 19:40:01 UTC 2025 Backend down - restarting service
Wed Jun 18 19:45:01 UTC 2025 Backend down - restarting service
Wed Jun 18 19:50:01 UTC 2025 Backend down - restarting service
Wed Jun 18 19:55:01 UTC 2025 Backend down - restarting service
Wed Jun 18 20:00:01 UTC 2025 Backend down - restarting service
Wed Jun 18 20:05:01 UTC 2025 Backend down - restarting service
Wed Jun 18 20:10:02 UTC 2025 Backend down - restarting service
Wed Jun 18 20:15:01 UTC 2025 Backend down - restarting service
Wed Jun 18 20:20:01 UTC 2025 Backend down - restarting service
Wed Jun 18 20:25:01 UTC 2025 Backend down - restarting service
Wed Jun 18 20:30:01 UTC 2025 Backend down - restarting service
Wed Jun 18 20:35:01 UTC 2025 Backend down - restarting service
Wed Jun 18 20:40:01 UTC 2025 Backend down - restarting service
Wed Jun 18 20:45:01 UTC 2025 Backend down - restarting service
Wed Jun 18 20:50:01 UTC 2025 Backend down - restarting service
Wed Jun 18 20:55:01 UTC 2025 Backend down - restarting service
Wed Jun 18 21:00:01 UTC 2025 Backend down - restarting service
Wed Jun 18 21:05:01 UTC 2025 Backend down - restarting service
Wed Jun 18 21:10:01 UTC 2025 Backend down - restarting service
Wed Jun 18 21:15:02 UTC 2025 Backend down - restarting service
Wed Jun 18 21:20:01 UTC 2025 Backend down - restarting service
Wed Jun 18 21:25:01 UTC 2025 Backend down - restarting service
Wed Jun 18 21:30:01 UTC 2025 Backend down - restarting service
Wed Jun 18 21:35:01 UTC 2025 Backend down - restarting service
Wed Jun 18 21:40:01 UTC 2025 Backend down - restarting service
Wed Jun 18 21:45:01 UTC 2025 Backend down - restarting service
Wed Jun 18 21:50:01 UTC 2025 Backend down - restarting service
Wed Jun 18 21:55:01 UTC 2025 Backend down - restarting service
Wed Jun 18 22:00:01 UTC 2025 Backend down - restarting service
Wed Jun 18 22:05:01 UTC 2025 Backend down - restarting service
Wed Jun 18 22:10:01 UTC 2025 Backend down - restarting service
Wed Jun 18 22:15:02 UTC 2025 Backend down - restarting service
Wed Jun 18 22:20:01 UTC 2025 Backend down - restarting service
Wed Jun 18 22:25:01 UTC 2025 Backend down - restarting service
Wed Jun 18 22:30:01 UTC 2025 Backend down - restarting service
Wed Jun 18 22:35:01 UTC 2025 Backend down - restarting service
Wed Jun 18 22:40:01 UTC 2025 Backend down - restarting service
Wed Jun 18 22:45:01 UTC 2025 Backend down - restarting service
Wed Jun 18 22:50:01 UTC 2025 Backend down - restarting service
Wed Jun 18 22:55:01 UTC 2025 Backend down - restarting service
Wed Jun 18 23:00:01 UTC 2025 Backend down - restarting service
Wed Jun 18 23:05:01 UTC 2025 Backend down - restarting service
Wed Jun 18 23:10:01 UTC 2025 Backend down - restarting service
Wed Jun 18 23:15:01 UTC 2025 Backend down - restarting service
Wed Jun 18 23:20:02 UTC 2025 Backend down - restarting service
Wed Jun 18 23:25:01 UTC 2025 Backend down - restarting service
Wed Jun 18 23:30:01 UTC 2025 Backend down - restarting service
Wed Jun 18 23:35:01 UTC 2025 Backend down - restarting service
Wed Jun 18 23:40:01 UTC 2025 Backend down - restarting service
Wed Jun 18 23:45:01 UTC 2025 Backend down - restarting service
Wed Jun 18 23:50:01 UTC 2025 Backend down - restarting service
Wed Jun 18 23:55:01 UTC 2025 Backend down - restarting service
Thu Jun 19 00:00:01 UTC 2025 Backend down - restarting service
Thu Jun 19 00:05:01 UTC 2025 Backend down - restarting service
Thu Jun 19 00:10:01 UTC 2025 Backend down - restarting service
Thu Jun 19 00:15:01 UTC 2025 Backend down - restarting service
Thu Jun 19 00:20:02 UTC 2025 Backend down - restarting service
Thu Jun 19 00:25:01 UTC 2025 Backend down - restarting service
Thu Jun 19 00:30:01 UTC 2025 Backend down - restarting service
Thu Jun 19 00:35:01 UTC 2025 Backend down - restarting service
Thu Jun 19 00:40:01 UTC 2025 Backend down - restarting service
Thu Jun 19 00:45:01 UTC 2025 Backend down - restarting service
Thu Jun 19 00:50:01 UTC 2025 Backend down - restarting service
Thu Jun 19 00:55:01 UTC 2025 Backend down - restarting service
Thu Jun 19 01:00:01 UTC 2025 Backend down - restarting service
Thu Jun 19 01:05:01 UTC 2025 Backend down - restarting service
Thu Jun 19 01:10:01 UTC 2025 Backend down - restarting service
Thu Jun 19 01:15:01 UTC 2025 Backend down - restarting service
Thu Jun 19 01:20:02 UTC 2025 Backend down - restarting service
Thu Jun 19 01:25:01 UTC 2025 Backend down - restarting service
Thu Jun 19 01:30:01 UTC 2025 Backend down - restarting service
Thu Jun 19 01:35:01 UTC 2025 Backend down - restarting service
Thu Jun 19 01:40:01 UTC 2025 Backend down - restarting service
Thu Jun 19 01:45:01 UTC 2025 Backend down - restarting service
Thu Jun 19 01:50:01 UTC 2025 Backend down - restarting service
Thu Jun 19 01:55:01 UTC 2025 Backend down - restarting service
Thu Jun 19 02:00:01 UTC 2025 Backend down - restarting service
Thu Jun 19 02:05:01 UTC 2025 Backend down - restarting service
Thu Jun 19 02:10:01 UTC 2025 Backend down - restarting service
Thu Jun 19 02:15:01 UTC 2025 Backend down - restarting service
Thu Jun 19 02:20:02 UTC 2025 Backend down - restarting service
Thu Jun 19 02:25:01 UTC 2025 Backend down - restarting service
Thu Jun 19 02:30:01 UTC 2025 Backend down - restarting service
Thu Jun 19 02:35:01 UTC 2025 Backend down - restarting service
Thu Jun 19 02:40:01 UTC 2025 Backend down - restarting service
Thu Jun 19 02:45:01 UTC 2025 Backend down - restarting service
Thu Jun 19 02:50:01 UTC 2025 Backend down - restarting service
Thu Jun 19 02:55:01 UTC 2025 Backend down - restarting service
Thu Jun 19 03:00:01 UTC 2025 Backend down - restarting service
Thu Jun 19 03:05:01 UTC 2025 Backend down - restarting service
Thu Jun 19 03:10:01 UTC 2025 Backend down - restarting service
Thu Jun 19 03:15:01 UTC 2025 Backend down - restarting service
Thu Jun 19 03:20:01 UTC 2025 Backend down - restarting service
Thu Jun 19 03:25:02 UTC 2025 Backend down - restarting service
Thu Jun 19 03:30:01 UTC 2025 Backend down - restarting service
Thu Jun 19 03:35:01 UTC 2025 Backend down - restarting service
Thu Jun 19 03:40:01 UTC 2025 Backend down - restarting service
Thu Jun 19 03:45:01 UTC 2025 Backend down - restarting service
Thu Jun 19 03:50:01 UTC 2025 Backend down - restarting service
Thu Jun 19 03:55:01 UTC 2025 Backend down - restarting service
Thu Jun 19 04:00:01 UTC 2025 Backend down - restarting service
Thu Jun 19 04:05:01 UTC 2025 Backend down - restarting service
Thu Jun 19 04:10:01 UTC 2025 Backend down - restarting service
Thu Jun 19 04:15:01 UTC 2025 Backend down - restarting service
Thu Jun 19 04:20:01 UTC 2025 Backend down - restarting service
Thu Jun 19 04:25:01 UTC 2025 Backend down - restarting service
Thu Jun 19 04:30:02 UTC 2025 Backend down - restarting service
Thu Jun 19 04:35:01 UTC 2025 Backend down - restarting service
Thu Jun 19 04:40:01 UTC 2025 Backend down - restarting service
Thu Jun 19 04:45:01 UTC 2025 Backend down - restarting service
Thu Jun 19 04:50:01 UTC 2025 Backend down - restarting service
Thu Jun 19 04:55:01 UTC 2025 Backend down - restarting service
Thu Jun 19 05:00:01 UTC 2025 Backend down - restarting service
Thu Jun 19 05:05:01 UTC 2025 Backend down - restarting service
Thu Jun 19 05:10:01 UTC 2025 Backend down - restarting service
Thu Jun 19 05:15:01 UTC 2025 Backend down - restarting service
Thu Jun 19 05:20:01 UTC 2025 Backend down - restarting service
Thu Jun 19 05:25:01 UTC 2025 Backend down - restarting service
Thu Jun 19 05:30:01 UTC 2025 Backend down - restarting service
Thu Jun 19 05:35:01 UTC 2025 Backend down - restarting service
Thu Jun 19 05:40:02 UTC 2025 Backend down - restarting service
Thu Jun 19 05:45:01 UTC 2025 Backend down - restarting service
Thu Jun 19 05:50:01 UTC 2025 Backend down - restarting service
Thu Jun 19 05:55:01 UTC 2025 Backend down - restarting service
Thu Jun 19 06:00:01 UTC 2025 Backend down - restarting service
Thu Jun 19 06:05:01 UTC 2025 Backend down - restarting service
Thu Jun 19 06:10:01 UTC 2025 Backend down - restarting service
Thu Jun 19 06:15:01 UTC 2025 Backend down - restarting service
Thu Jun 19 06:20:01 UTC 2025 Backend down - restarting service
Thu Jun 19 06:25:01 UTC 2025 Backend down - restarting service
Thu Jun 19 06:30:01 UTC 2025 Backend down - restarting service
Thu Jun 19 06:35:01 UTC 2025 Backend down - restarting service
Thu Jun 19 06:40:01 UTC 2025 Backend down - restarting service
Thu Jun 19 06:45:02 UTC 2025 Backend down - restarting service
Thu Jun 19 06:50:01 UTC 2025 Backend down - restarting service
Thu Jun 19 06:55:01 UTC 2025 Backend down - restarting service
Thu Jun 19 07:00:01 UTC 2025 Backend down - restarting service
Thu Jun 19 07:05:01 UTC 2025 Backend down - restarting service
Thu Jun 19 07:10:01 UTC 2025 Backend down - restarting service
Thu Jun 19 07:15:01 UTC 2025 Backend down - restarting service
Thu Jun 19 07:20:01 UTC 2025 Backend down - restarting service
Thu Jun 19 07:25:01 UTC 2025 Backend down - restarting service
Thu Jun 19 07:30:01 UTC 2025 Backend down - restarting service
Thu Jun 19 07:35:01 UTC 2025 Backend down - restarting service
Thu Jun 19 07:40:01 UTC 2025 Backend down - restarting service
Thu Jun 19 07:45:01 UTC 2025 Backend down - restarting service
Thu Jun 19 07:50:01 UTC 2025 Backend down - restarting service
Thu Jun 19 07:55:02 UTC 2025 Backend down - restarting service
Thu Jun 19 08:00:01 UTC 2025 Backend down - restarting service
Thu Jun 19 08:05:01 UTC 2025 Backend down - restarting service
Thu Jun 19 08:10:01 UTC 2025 Backend down - restarting service
Thu Jun 19 08:15:01 UTC 2025 Backend down - restarting service
Thu Jun 19 08:20:01 UTC 2025 Backend down - restarting service
Thu Jun 19 08:25:01 UTC 2025 Backend down - restarting service
Thu Jun 19 08:30:01 UTC 2025 Backend down - restarting service
Thu Jun 19 08:35:01 UTC 2025 Backend down - restarting service
Thu Jun 19 08:40:01 UTC 2025 Backend down - restarting service
Thu Jun 19 08:45:01 UTC 2025 Backend down - restarting service
Thu Jun 19 08:50:01 UTC 2025 Backend down - restarting service
Thu Jun 19 08:55:01 UTC 2025 Backend down - restarting service
Thu Jun 19 09:00:02 UTC 2025 Backend down - restarting service
Thu Jun 19 09:05:01 UTC 2025 Backend down - restarting service
Thu Jun 19 09:10:01 UTC 2025 Backend down - restarting service
Thu Jun 19 09:15:01 UTC 2025 Backend down - restarting service
Thu Jun 19 09:20:01 UTC 2025 Backend down - restarting service
Thu Jun 19 09:25:01 UTC 2025 Backend down - restarting service
Thu Jun 19 09:30:01 UTC 2025 Backend down - restarting service
Thu Jun 19 09:35:01 UTC 2025 Backend down - restarting service
Thu Jun 19 09:40:01 UTC 2025 Backend down - restarting service
Thu Jun 19 09:45:01 UTC 2025 Backend down - restarting service
Thu Jun 19 09:50:01 UTC 2025 Backend down - restarting service
Thu Jun 19 09:55:01 UTC 2025 Backend down - restarting service
Thu Jun 19 10:00:01 UTC 2025 Backend down - restarting service
Thu Jun 19 10:05:02 UTC 2025 Backend down - restarting service
Thu Jun 19 10:10:02 UTC 2025 Backend down - restarting service
Thu Jun 19 10:15:01 UTC 2025 Backend down - restarting service
Thu Jun 19 10:20:01 UTC 2025 Backend down - restarting service
Thu Jun 19 10:25:01 UTC 2025 Backend down - restarting service
Thu Jun 19 10:30:01 UTC 2025 Backend down - restarting service
Thu Jun 19 10:35:01 UTC 2025 Backend down - restarting service
Thu Jun 19 10:40:01 UTC 2025 Backend down - restarting service
Thu Jun 19 10:45:01 UTC 2025 Backend down - restarting service
Thu Jun 19 10:50:01 UTC 2025 Backend down - restarting service
Thu Jun 19 10:55:01 UTC 2025 Backend down - restarting service
Thu Jun 19 11:00:01 UTC 2025 Backend down - restarting service
Thu Jun 19 11:05:01 UTC 2025 Backend down - restarting service
Thu Jun 19 11:10:01 UTC 2025 Backend down - restarting service
Thu Jun 19 11:15:02 UTC 2025 Backend down - restarting service
Thu Jun 19 11:20:01 UTC 2025 Backend down - restarting service
Thu Jun 19 11:25:01 UTC 2025 Backend down - restarting service
Thu Jun 19 11:30:01 UTC 2025 Backend down - restarting service
Thu Jun 19 11:35:01 UTC 2025 Backend down - restarting service
Thu Jun 19 11:40:01 UTC 2025 Backend down - restarting service
Thu Jun 19 11:45:01 UTC 2025 Backend down - restarting service
Thu Jun 19 11:50:01 UTC 2025 Backend down - restarting service
Thu Jun 19 11:55:01 UTC 2025 Backend down - restarting service
Thu Jun 19 12:00:01 UTC 2025 Backend down - restarting service
Thu Jun 19 12:05:01 UTC 2025 Backend down - restarting service
Thu Jun 19 12:10:01 UTC 2025 Backend down - restarting service
Thu Jun 19 12:15:02 UTC 2025 Backend down - restarting service
Thu Jun 19 12:20:01 UTC 2025 Backend down - restarting service
Thu Jun 19 12:25:01 UTC 2025 Backend down - restarting service
Thu Jun 19 12:30:01 UTC 2025 Backend down - restarting service
Thu Jun 19 16:15:01 UTC 2025 Backend down - restarting service
Thu Jun 19 16:20:01 UTC 2025 Backend down - restarting service
Thu Jun 19 16:25:01 UTC 2025 Backend down - restarting service
