🔐 Testing SANDBOX FinAPI token acquisition...
🔄 Requesting new SANDBOX FinAPI access token...
✅ SANDBOX FinAPI access token obtained successfully
✅ SANDBOX FinAPI token test successful
🏦 Testing banks endpoint for Waldhofstraße...
✅ Using cached access token
✅ Banks endpoint working - 0 suitable banks for Waldhofstraße
node:events:502
      throw er; // Unhandled 'error' event
      ^

Error: listen EADDRINUSE: address already in use 0.0.0.0:3006
    at Server.setupListenHandle [as _listen2] (node:net:1908:16)
    at listenInCluster (node:net:1965:12)
    at doListen (node:net:2139:7)
    at process.processTicksAndRejections (node:internal/process/task_queues:83:21)
Emitted 'error' event on Server instance at:
    at emitErrorNT (node:net:1944:8)
    at process.processTicksAndRejections (node:internal/process/task_queues:82:21) {
  code: 'EADDRINUSE',
  errno: -98,
  syscall: 'listen',
  address: '0.0.0.0',
  port: 3006
}

Node.js v20.19.2
